Info: Generated by version: 23.4.1 build 162
Info: Starting: Create simulation model
Info: qsys-generate /nfs/site/disks/swuser_work_hamiline/remove_now10/acds/prototype/sm_tsn_sed/scripts/itf/device__SM7_PART1/qsys/itf_qsys_verilog/alt_mge_phy_0.ip --simulation=VERILOG --allow-mixed-language-simulation --output-directory=/nfs/site/disks/swuser_work_hamiline/remove_now10/acds/prototype/sm_tsn_sed/scripts/itf/device__SM7_PART1/qsys/itf_qsys_verilog/alt_mge_phy_0 --family="Agilex 5" --part=SM7_PART1
Info: alt_mge_phy_0.alt_mge_phy_0.alt_mge_xcvr_directphy: Reference clock frequency: vco 12500000000 pfd 156250000.0 m 80 n 1 l 8 mul_div 1 p 12 cref 0 k 0 band TX_PLL_MED
Info: alt_mge_phy_0.alt_mge_phy_0.alt_mge_xcvr_directphy:  Single transceiver bank enabled
Info: alt_mge_phy_0.alt_mge_phy_0.iopll_tx: Able to implement PLL with user settings
Warning: alt_mge_phy_0.alt_mge_phy_0.alt_mge_xcvr_directphy.o_tx_clkout2/iopll_tx.refclk: iopll_tx.refclk requires 156250000Hz, but source has frequency of 0Hz
Warning: alt_mge_phy_0.alt_mge_phy_0.mge_pcs: mge_pcs.rx_std_bitslipboundarysel must be exported, or connected to a matching conduit as it has unconnected inputs.
Warning: alt_mge_phy_0.alt_mge_phy_0.xcvr_term: xcvr_term.tx_serial_clk_in must be exported, or connected to a matching conduit as it has unconnected inputs.
Warning: alt_mge_phy_0.alt_mge_phy_0.alt_mge_xcvr_directphy: alt_mge_xcvr_directphy.i_tx_cadence_slow_clk_locked must be exported, or connected to a matching conduit as it has unconnected inputs.
Info: n_channel_superset_top_wrapper.hal_top_ip: Reference clock frequency: vco 12500000000 pfd 156250000.0 m 80 n 1 l 8 mul_div 1 p 12 cref 0 k 0 band TX_PLL_MED
Info: one_lane_hal_top_p0.phy_hal_top: Reference clock frequency: vco 12500000000 pfd 156250000.0 m 80 n 1 l 8 mul_div 1 p 12 cref 0 k 0 band TX_PLL_MED
Info: alt_mge_phy_0: "Transforming system: alt_mge_phy_0"
Info: alt_mge_phy_0: "Naming system components in system: alt_mge_phy_0"
Info: alt_mge_phy_0: "Processing generation queue"
Info: alt_mge_phy_0: "Generating: alt_mge_phy_0"
Info: alt_mge_phy_0: "Generating: alt_mge_phy_0_intel_mge_phy_100_mdesbaq"
Info: alt_mge_phy_0: "Generating: alt_mge_phy_pcs"
Info: alt_mge_phy_0: "Generating: alt_mge16_phy_xcvr_term"
Info: alt_mge_phy_0: "Generating: alt_mge_phy_0_intel_directphy_gts_200_twelxbq"
Info: dphy_adme: "Generating: dphy_adme"
Info: n_channel_superset_top_wrapper: "Generating: n_channel_superset_top_wrapper"
Info: alt_mge_phy_0: "Generating: alt_mge_phy_0_altera_iopll_1931_tktuxka"
Info: alt_mge_phy_0: "Generating: alt_mge_phy_0_intel_directphy_gts_intel_adme_gts_200_fmptqqy"
Info: alt_mge_phy_0: "Generating: alt_mge_phy_0_intel_directphy_gts_n_channel_superset_200_vtl75gi"
Info: alt_mge_phy_0: "Generating: alt_mge_phy_0_intel_adme_gts_100_m3ka7xa"
Info: alt_mge_phy_0: "Generating: alt_mge_phy_0_n_channel_superset_2100_7mcaoay"
Info: hal_top_ip: "Generating: hal_top_ip"
Info: alt_mge_phy_0: "Generating: alt_mge_phy_0_n_channel_superset_hal_top_2100_ckyu45q"
Info: alt_mge_phy_0: "Generating: alt_mge_phy_0_hal_top_2100_smtnyja"
Info: hal_top_ip: hip_sip_boundary.sv.terp
Info: hal_top_ip: hal_top_wrapper.sv.terp
Info: hal_top_ip: chptp.sv
Info: hal_top_ip: mc.sv
Info: hal_top_ip: shared_hal_coreip.v
Info: hal_top_ip: shared_ptp.v
Info: one_lane_hal_top_p0: "Generating: one_lane_hal_top_p0"
Info: alt_mge_phy_0: "Generating: alt_mge_phy_0_hal_top_one_lane_hal_2100_n3mbdsq"
Info: alt_mge_phy_0: "Generating: alt_mge_phy_0_one_lane_hal_2100_qsx6jsi"
Info: one_lane_hal_top_p0: one_lane_hal_top.sv.terp
Info: pcs_hal_top: "Generating: pcs_hal_top"
Info: fec_hal_top: "Generating: fec_hal_top"
Info: pldif_hal_top: "Generating: pldif_hal_top"
Info: phy_hal_top: "Generating: phy_hal_top"
Info: alt_mge_phy_0: "Generating: alt_mge_phy_0_one_lane_hal_pcs_hal_2100_msmb2ci"
Info: alt_mge_phy_0: "Generating: alt_mge_phy_0_one_lane_hal_fec_hal_2100_gsknnly"
Info: alt_mge_phy_0: "Generating: alt_mge_phy_0_one_lane_hal_pldif_hal_2100_g7omyzi"
Info: alt_mge_phy_0: "Generating: alt_mge_phy_0_one_lane_hal_phy_hal_2100_hfv7ity"
Info: alt_mge_phy_0: "Generating: alt_mge_phy_0_pcs_hal_2100_iateojy"
Info: pcs_hal_top: pcs_hal_wrapper.sv.terp
Info: pcs_hal_top: ch4_pcs.sv
Info: pcs_hal_top: pcs_hal_coreip.sv
Info: alt_mge_phy_0: "Generating: alt_mge_phy_0_fec_hal_2100_tq72q4i"
Info: fec_hal_top: fec_hal_wrapper.sv.terp
Info: fec_hal_top: ch4_fec.sv
Info: fec_hal_top: fec_hal_coreip.sv
Info: alt_mge_phy_0: "Generating: alt_mge_phy_0_pldif_hal_2100_4ge3b5q"
Info: pldif_hal_top: pldif_hal_wrapper.sv.terp
Info: pldif_hal_top: ch4_pldif.sv
Info: pldif_hal_top: ch4_pldif_no_deskew.sv
Info: pldif_hal_top: pldif_hal_coreip.sv
Info: pldif_hal_top: pldif_staticmux.sv
Info: alt_mge_phy_0: "Generating: alt_mge_phy_0_phy_hal_2100_jc3ca3q"
Info: phy_hal_top: phy_hal_wrapper.sv.terp
Info: phy_hal_top: ch4_phy.sv
Info: phy_hal_top: phy_hal_coreip.sv
Info: phy_hal_top: phy_staticmux.sv
Info: alt_mge_phy_0: Done "alt_mge_phy_0" with 22 modules, 551 files
Info: Generating the following file(s) for VCS simulator in /nfs/site/disks/swuser_work_hamiline/remove_now10/acds/prototype/sm_tsn_sed/scripts/itf/device__SM7_PART1/qsys/itf_qsys_verilog/alt_mge_phy_0/sim/ directory:
Info: 	common/vcs_files.tcl
Info: Generating the following file(s) for RIVIERA simulator in /nfs/site/disks/swuser_work_hamiline/remove_now10/acds/prototype/sm_tsn_sed/scripts/itf/device__SM7_PART1/qsys/itf_qsys_verilog/alt_mge_phy_0/sim/ directory:
Info: 	common/riviera_files.tcl
Info: Generating the following file(s) for MODELSIM simulator in /nfs/site/disks/swuser_work_hamiline/remove_now10/acds/prototype/sm_tsn_sed/scripts/itf/device__SM7_PART1/qsys/itf_qsys_verilog/alt_mge_phy_0/sim/ directory:
Info: 	common/modelsim_files.tcl
Info: Generating the following file(s) for XCELIUM simulator in /nfs/site/disks/swuser_work_hamiline/remove_now10/acds/prototype/sm_tsn_sed/scripts/itf/device__SM7_PART1/qsys/itf_qsys_verilog/alt_mge_phy_0/sim/ directory:
Info: 	common/xcelium_files.tcl
Info: Generating the following file(s) for VCSMX simulator in /nfs/site/disks/swuser_work_hamiline/remove_now10/acds/prototype/sm_tsn_sed/scripts/itf/device__SM7_PART1/qsys/itf_qsys_verilog/alt_mge_phy_0/sim/ directory:
Info: 	common/vcsmx_files.tcl
Info: For information on how to simulate your IP, see the explanatory comments in the simulator-specific subdirectories under /nfs/site/disks/swuser_work_hamiline/remove_now10/acds/prototype/sm_tsn_sed/scripts/itf/device__SM7_PART1/qsys/itf_qsys_verilog/alt_mge_phy_0/sim/.
Info: Regenerate these scripts whenever you make any change to any Quartus-generated IP in your project.
Info: Finished: Create simulation model
Info: Starting: Create simulation script
Info: sim-script-gen --system-file=/nfs/site/disks/swuser_work_hamiline/remove_now10/acds/prototype/sm_tsn_sed/scripts/itf/device__SM7_PART1/qsys/itf_qsys_verilog/alt_mge_phy_0.ip --output-directory=/nfs/site/disks/swuser_work_hamiline/remove_now10/acds/prototype/sm_tsn_sed/scripts/itf/device__SM7_PART1/qsys/itf_qsys_verilog/alt_mge_phy_0/sim/ --use-relative-paths=true
Info: Generating the following file(s) for VCS simulator in /nfs/site/disks/swuser_work_hamiline/remove_now10/acds/prototype/sm_tsn_sed/scripts/itf/device__SM7_PART1/qsys/itf_qsys_verilog/alt_mge_phy_0/sim/ directory:
Info: 	synopsys/vcs/vcs_setup.sh
Info: Generating the following file(s) for RIVIERA simulator in /nfs/site/disks/swuser_work_hamiline/remove_now10/acds/prototype/sm_tsn_sed/scripts/itf/device__SM7_PART1/qsys/itf_qsys_verilog/alt_mge_phy_0/sim/ directory:
Info: 	aldec/rivierapro_setup.tcl
Info: Generating the following file(s) for MODELSIM simulator in /nfs/site/disks/swuser_work_hamiline/remove_now10/acds/prototype/sm_tsn_sed/scripts/itf/device__SM7_PART1/qsys/itf_qsys_verilog/alt_mge_phy_0/sim/ directory:
Info: 	mentor/msim_setup.tcl
Info: Generating the following file(s) for XCELIUM simulator in /nfs/site/disks/swuser_work_hamiline/remove_now10/acds/prototype/sm_tsn_sed/scripts/itf/device__SM7_PART1/qsys/itf_qsys_verilog/alt_mge_phy_0/sim/ directory:
Info: 	xcelium/cds.lib
Info: 	xcelium/hdl.var
Info: 	xcelium/xcelium_setup.sh
Info: 	15 .cds.lib files in xcelium/cds_libs/ directory
Info: Generating the following file(s) for VCSMX simulator in /nfs/site/disks/swuser_work_hamiline/remove_now10/acds/prototype/sm_tsn_sed/scripts/itf/device__SM7_PART1/qsys/itf_qsys_verilog/alt_mge_phy_0/sim/ directory:
Info: 	synopsys/vcsmx/synopsys_sim.setup
Info: 	synopsys/vcsmx/vcsmx_setup.sh
Info: For information on how to simulate your IP, see the explanatory comments in the simulator-specific subdirectories under /nfs/site/disks/swuser_work_hamiline/remove_now10/acds/prototype/sm_tsn_sed/scripts/itf/device__SM7_PART1/qsys/itf_qsys_verilog/alt_mge_phy_0/sim/.
Info: Regenerate these scripts whenever you make any change to any Quartus-generated IP in your project.
Info: Finished: Create simulation script
Info: 
Info: Starting: Create HDL design files for synthesis
Info: qsys-generate /nfs/site/disks/swuser_work_hamiline/remove_now10/acds/prototype/sm_tsn_sed/scripts/itf/device__SM7_PART1/qsys/itf_qsys_verilog/alt_mge_phy_0.ip --synthesis=VERILOG --output-directory=/nfs/site/disks/swuser_work_hamiline/remove_now10/acds/prototype/sm_tsn_sed/scripts/itf/device__SM7_PART1/qsys/itf_qsys_verilog/alt_mge_phy_0 --family="Agilex 5" --part=SM7_PART1
Info: alt_mge_phy_0.alt_mge_phy_0.alt_mge_xcvr_directphy: Reference clock frequency: vco 12500000000 pfd 156250000.0 m 80 n 1 l 8 mul_div 1 p 12 cref 0 k 0 band TX_PLL_MED
Info: alt_mge_phy_0.alt_mge_phy_0.alt_mge_xcvr_directphy:  Single transceiver bank enabled
Info: alt_mge_phy_0.alt_mge_phy_0.iopll_tx: Able to implement PLL with user settings
Warning: alt_mge_phy_0.alt_mge_phy_0.alt_mge_xcvr_directphy.o_tx_clkout2/iopll_tx.refclk: iopll_tx.refclk requires 156250000Hz, but source has frequency of 0Hz
Warning: alt_mge_phy_0.alt_mge_phy_0.mge_pcs: mge_pcs.rx_std_bitslipboundarysel must be exported, or connected to a matching conduit as it has unconnected inputs.
Warning: alt_mge_phy_0.alt_mge_phy_0.xcvr_term: xcvr_term.tx_serial_clk_in must be exported, or connected to a matching conduit as it has unconnected inputs.
Warning: alt_mge_phy_0.alt_mge_phy_0.alt_mge_xcvr_directphy: alt_mge_xcvr_directphy.i_tx_cadence_slow_clk_locked must be exported, or connected to a matching conduit as it has unconnected inputs.
Info: n_channel_superset_top_wrapper.hal_top_ip: Reference clock frequency: vco 12500000000 pfd 156250000.0 m 80 n 1 l 8 mul_div 1 p 12 cref 0 k 0 band TX_PLL_MED
Info: one_lane_hal_top_p0.phy_hal_top: Reference clock frequency: vco 12500000000 pfd 156250000.0 m 80 n 1 l 8 mul_div 1 p 12 cref 0 k 0 band TX_PLL_MED
Info: alt_mge_phy_0: "Transforming system: alt_mge_phy_0"
Info: alt_mge_phy_0: "Naming system components in system: alt_mge_phy_0"
Info: alt_mge_phy_0: "Processing generation queue"
Info: alt_mge_phy_0: "Generating: alt_mge_phy_0"
Info: alt_mge_phy_0: "Generating: alt_mge_phy_0_intel_mge_phy_100_mdesbaq"
Info: alt_mge_phy_0: "Generating: alt_mge_phy_pcs"
Info: alt_mge_phy_0: "Generating: alt_mge16_phy_xcvr_term"
Info: alt_mge_phy_0: "Generating: alt_mge_phy_0_intel_directphy_gts_200_twelxbq"
Info: dphy_adme: "Generating: dphy_adme"
Info: n_channel_superset_top_wrapper: "Generating: n_channel_superset_top_wrapper"
Info: alt_mge_phy_0: "Generating: alt_mge_phy_0_altera_iopll_1931_tktuxka"
Info: alt_mge_phy_0: "Generating: alt_mge_phy_0_intel_directphy_gts_intel_adme_gts_200_fmptqqy"
Info: alt_mge_phy_0: "Generating: alt_mge_phy_0_intel_directphy_gts_n_channel_superset_200_vtl75gi"
Info: alt_mge_phy_0: "Generating: alt_mge_phy_0_intel_adme_gts_100_m3ka7xa"
Info: alt_mge_phy_0: "Generating: alt_mge_phy_0_n_channel_superset_2100_7mcaoay"
Info: hal_top_ip: "Generating: hal_top_ip"
Info: alt_mge_phy_0: "Generating: alt_mge_phy_0_n_channel_superset_hal_top_2100_ckyu45q"
Info: alt_mge_phy_0: "Generating: alt_mge_phy_0_hal_top_2100_smtnyja"
Info: one_lane_hal_top_p0: "Generating: one_lane_hal_top_p0"
Info: alt_mge_phy_0: "Generating: alt_mge_phy_0_hal_top_one_lane_hal_2100_n3mbdsq"
Info: alt_mge_phy_0: "Generating: alt_mge_phy_0_one_lane_hal_2100_qsx6jsi"
Info: pcs_hal_top: "Generating: pcs_hal_top"
Info: fec_hal_top: "Generating: fec_hal_top"
Info: pldif_hal_top: "Generating: pldif_hal_top"
Info: phy_hal_top: "Generating: phy_hal_top"
Info: alt_mge_phy_0: "Generating: alt_mge_phy_0_one_lane_hal_pcs_hal_2100_msmb2ci"
Info: alt_mge_phy_0: "Generating: alt_mge_phy_0_one_lane_hal_fec_hal_2100_gsknnly"
Info: alt_mge_phy_0: "Generating: alt_mge_phy_0_one_lane_hal_pldif_hal_2100_g7omyzi"
Info: alt_mge_phy_0: "Generating: alt_mge_phy_0_one_lane_hal_phy_hal_2100_hfv7ity"
Info: alt_mge_phy_0: "Generating: alt_mge_phy_0_pcs_hal_2100_iateojy"
Info: alt_mge_phy_0: "Generating: alt_mge_phy_0_fec_hal_2100_tq72q4i"
Info: alt_mge_phy_0: "Generating: alt_mge_phy_0_pldif_hal_2100_4ge3b5q"
Info: alt_mge_phy_0: "Generating: alt_mge_phy_0_phy_hal_2100_jc3ca3q"
Info: alt_mge_phy_0: Done "alt_mge_phy_0" with 22 modules, 209 files
Info: Finished: Create HDL design files for synthesis
Info: Starting: IP-XACT
Info: qsys-generate /nfs/site/disks/swuser_work_hamiline/remove_now10/acds/prototype/sm_tsn_sed/scripts/itf/device__SM7_PART1/qsys/itf_qsys_verilog/alt_mge_phy_0.ip --synthesis=VERILOG --ipxact --output-directory=/nfs/site/disks/swuser_work_hamiline/remove_now10/acds/prototype/sm_tsn_sed/scripts/itf/device__SM7_PART1/qsys/itf_qsys_verilog/alt_mge_phy_0 --family="Agilex 5" --part=SM7_PART1
Info: Finished: IP-XACT
