Info: Generated by version: 23.4.1 build 162
Info: Starting: Create simulation model
Info: qsys-generate /nfs/site/disks/swuser_work_hamiline/remove_now10/acds/prototype/sm_tsn_sed/scripts/itf/device__SM7_PART1/qsys/itf_qsys_verilog/alt_em10g32_0.ip --simulation=VERILOG --allow-mixed-language-simulation --output-directory=/nfs/site/disks/swuser_work_hamiline/remove_now10/acds/prototype/sm_tsn_sed/scripts/itf/device__SM7_PART1/qsys/itf_qsys_verilog/alt_em10g32_0 --family="Agilex 5" --part=SM7_PART1
Warning: alt_em10g32_0.alt_em10g32_0: Example Design for this setting is not available. Please refer to Presets to apply setting for example design
Info: alt_em10g32_0: "Transforming system: alt_em10g32_0"
Info: alt_em10g32_0: "Naming system components in system: alt_em10g32_0"
Info: alt_em10g32_0: "Processing generation queue"
Info: alt_em10g32_0: "Generating: alt_em10g32_0"
Info: alt_em10g32_0: "Generating: intel_eth_em10g32"
Info: alt_em10g32_0: Done "alt_em10g32_0" with 2 modules, 349 files
Info: Generating the following file(s) for VCSMX simulator in /nfs/site/disks/swuser_work_hamiline/remove_now10/acds/prototype/sm_tsn_sed/scripts/itf/device__SM7_PART1/qsys/itf_qsys_verilog/alt_em10g32_0/sim/ directory:
Info: 	common/vcsmx_files.tcl
Info: Generating the following file(s) for VCS simulator in /nfs/site/disks/swuser_work_hamiline/remove_now10/acds/prototype/sm_tsn_sed/scripts/itf/device__SM7_PART1/qsys/itf_qsys_verilog/alt_em10g32_0/sim/ directory:
Info: 	common/vcs_files.tcl
Info: Generating the following file(s) for MODELSIM simulator in /nfs/site/disks/swuser_work_hamiline/remove_now10/acds/prototype/sm_tsn_sed/scripts/itf/device__SM7_PART1/qsys/itf_qsys_verilog/alt_em10g32_0/sim/ directory:
Info: 	common/modelsim_files.tcl
Info: Generating the following file(s) for RIVIERA simulator in /nfs/site/disks/swuser_work_hamiline/remove_now10/acds/prototype/sm_tsn_sed/scripts/itf/device__SM7_PART1/qsys/itf_qsys_verilog/alt_em10g32_0/sim/ directory:
Info: 	common/riviera_files.tcl
Info: Generating the following file(s) for XCELIUM simulator in /nfs/site/disks/swuser_work_hamiline/remove_now10/acds/prototype/sm_tsn_sed/scripts/itf/device__SM7_PART1/qsys/itf_qsys_verilog/alt_em10g32_0/sim/ directory:
Info: 	common/xcelium_files.tcl
Info: For information on how to simulate your IP, see the explanatory comments in the simulator-specific subdirectories under /nfs/site/disks/swuser_work_hamiline/remove_now10/acds/prototype/sm_tsn_sed/scripts/itf/device__SM7_PART1/qsys/itf_qsys_verilog/alt_em10g32_0/sim/.
Info: Regenerate these scripts whenever you make any change to any Quartus-generated IP in your project.
Info: Finished: Create simulation model
Info: Starting: Create simulation script
Info: sim-script-gen --system-file=/nfs/site/disks/swuser_work_hamiline/remove_now10/acds/prototype/sm_tsn_sed/scripts/itf/device__SM7_PART1/qsys/itf_qsys_verilog/alt_em10g32_0.ip --output-directory=/nfs/site/disks/swuser_work_hamiline/remove_now10/acds/prototype/sm_tsn_sed/scripts/itf/device__SM7_PART1/qsys/itf_qsys_verilog/alt_em10g32_0/sim/ --use-relative-paths=true
Info: Generating the following file(s) for VCSMX simulator in /nfs/site/disks/swuser_work_hamiline/remove_now10/acds/prototype/sm_tsn_sed/scripts/itf/device__SM7_PART1/qsys/itf_qsys_verilog/alt_em10g32_0/sim/ directory:
Info: 	synopsys/vcsmx/synopsys_sim.setup
Info: 	synopsys/vcsmx/vcsmx_setup.sh
Info: Generating the following file(s) for VCS simulator in /nfs/site/disks/swuser_work_hamiline/remove_now10/acds/prototype/sm_tsn_sed/scripts/itf/device__SM7_PART1/qsys/itf_qsys_verilog/alt_em10g32_0/sim/ directory:
Info: 	synopsys/vcs/vcs_setup.sh
Info: Generating the following file(s) for MODELSIM simulator in /nfs/site/disks/swuser_work_hamiline/remove_now10/acds/prototype/sm_tsn_sed/scripts/itf/device__SM7_PART1/qsys/itf_qsys_verilog/alt_em10g32_0/sim/ directory:
Info: 	mentor/msim_setup.tcl
Info: Generating the following file(s) for RIVIERA simulator in /nfs/site/disks/swuser_work_hamiline/remove_now10/acds/prototype/sm_tsn_sed/scripts/itf/device__SM7_PART1/qsys/itf_qsys_verilog/alt_em10g32_0/sim/ directory:
Info: 	aldec/rivierapro_setup.tcl
Info: Generating the following file(s) for XCELIUM simulator in /nfs/site/disks/swuser_work_hamiline/remove_now10/acds/prototype/sm_tsn_sed/scripts/itf/device__SM7_PART1/qsys/itf_qsys_verilog/alt_em10g32_0/sim/ directory:
Info: 	xcelium/cds.lib
Info: 	xcelium/hdl.var
Info: 	xcelium/xcelium_setup.sh
Info: 	2 .cds.lib files in xcelium/cds_libs/ directory
Info: For information on how to simulate your IP, see the explanatory comments in the simulator-specific subdirectories under /nfs/site/disks/swuser_work_hamiline/remove_now10/acds/prototype/sm_tsn_sed/scripts/itf/device__SM7_PART1/qsys/itf_qsys_verilog/alt_em10g32_0/sim/.
Info: Regenerate these scripts whenever you make any change to any Quartus-generated IP in your project.
Info: Finished: Create simulation script
Info: 
Info: Starting: Create HDL design files for synthesis
Info: qsys-generate /nfs/site/disks/swuser_work_hamiline/remove_now10/acds/prototype/sm_tsn_sed/scripts/itf/device__SM7_PART1/qsys/itf_qsys_verilog/alt_em10g32_0.ip --synthesis=VERILOG --output-directory=/nfs/site/disks/swuser_work_hamiline/remove_now10/acds/prototype/sm_tsn_sed/scripts/itf/device__SM7_PART1/qsys/itf_qsys_verilog/alt_em10g32_0 --family="Agilex 5" --part=SM7_PART1
Warning: alt_em10g32_0.alt_em10g32_0: Example Design for this setting is not available. Please refer to Presets to apply setting for example design
Info: alt_em10g32_0: "Transforming system: alt_em10g32_0"
Info: alt_em10g32_0: "Naming system components in system: alt_em10g32_0"
Info: alt_em10g32_0: "Processing generation queue"
Info: alt_em10g32_0: "Generating: alt_em10g32_0"
Info: alt_em10g32_0: "Generating: intel_eth_em10g32"
Warning: QUARTUS_SYNTH: A Duplicate file was overwritten with path: intel_eth_em10g32.v
Info: alt_em10g32_0: Done "alt_em10g32_0" with 2 modules, 98 files
Info: Finished: Create HDL design files for synthesis
Info: Starting: IP-XACT
Info: qsys-generate /nfs/site/disks/swuser_work_hamiline/remove_now10/acds/prototype/sm_tsn_sed/scripts/itf/device__SM7_PART1/qsys/itf_qsys_verilog/alt_em10g32_0.ip --synthesis=VERILOG --ipxact --output-directory=/nfs/site/disks/swuser_work_hamiline/remove_now10/acds/prototype/sm_tsn_sed/scripts/itf/device__SM7_PART1/qsys/itf_qsys_verilog/alt_em10g32_0 --family="Agilex 5" --part=SM7_PART1
Info: Finished: IP-XACT
